// Jest Snapshot v1, https://goo.gl/fbAQLP

exports[`App component renders App 1`] = `
<DocumentFragment>
  <label
    for="text-control"
  >
    Text
  </label>
  <input
    id="text-control"
    type="text"
    value=""
  />
  <div
    data-testid="display"
  />
</DocumentFragment>
`;
